TAP version 13
# Subtest: same-group model/market comparison preserves denominators and selected-event identity
ok 1 - same-group model/market comparison preserves denominators and selected-event identity
  ---
  duration_ms: 7.711
  type: 'test'
  ...
# Subtest: each dimension partitions the common cohort with identical comparison membership
ok 2 - each dimension partitions the common cohort with identical comparison membership
  ---
  duration_ms: 1.9179
  type: 'test'
  ...
# Subtest: all outcome permutations leave every group membership unchanged
ok 3 - all outcome permutations leave every group membership unchanged
  ---
  duration_ms: 6.918
  type: 'test'
  ...
# Subtest: groups never read actual/result and exact argmax ties use stable home/draw/away order
ok 4 - groups never read actual/result and exact argmax ties use stable home/draw/away order
  ---
  duration_ms: 0.1671
  type: 'test'
  ...
# Subtest: input and specification are unchanged
ok 5 - input and specification are unchanged
  ---
  duration_ms: 1.7545
  type: 'test'
  ...
# Subtest: tampered pinned bytes are rejected
ok 6 - tampered pinned bytes are rejected
  ---
  duration_ms: 0.4392
  type: 'test'
  ...
# Subtest: reject duplicate event
ok 7 - reject duplicate event
  ---
  duration_ms: 0.2827
  type: 'test'
  ...
# Subtest: reject contradictory eligibility
ok 8 - reject contradictory eligibility
  ---
  duration_ms: 0.2258
  type: 'test'
  ...
# Subtest: reject future odds
ok 9 - reject future odds
  ---
  duration_ms: 0.3818
  type: 'test'
  ...
# Subtest: reject submillisecond future odds
ok 10 - reject submillisecond future odds
  ---
  duration_ms: 0.4077
  type: 'test'
  ...
# Subtest: reject invalid calendar
ok 11 - reject invalid calendar
  ---
  duration_ms: 0.2277
  type: 'test'
  ...
# Subtest: reject cross cycle odds
ok 12 - reject cross cycle odds
  ---
  duration_ms: 0.1651
  type: 'test'
  ...
# Subtest: reject outcome before kickoff
ok 13 - reject outcome before kickoff
  ---
  duration_ms: 0.1805
  type: 'test'
  ...
# Subtest: exclusions remain in source denominator and are never silently treated as losses
ok 14 - exclusions remain in source denominator and are never silently treated as losses
  ---
  duration_ms: 1.0202
  type: 'test'
  ...
# Subtest: unregistered historical diagnostic cannot assert future activation or promotion
ok 15 - unregistered historical diagnostic cannot assert future activation or promotion
  ---
  duration_ms: 2.1804
  type: 'test'
  ...
# Subtest: invalid or incomplete probability bins fail closed
ok 16 - invalid or incomplete probability bins fail closed
  ---
  duration_ms: 0.3271
  type: 'test'
  ...
# Subtest: verified online 432/154 evidence reproduces established baseline and partitions
ok 17 - verified online 432/154 evidence reproduces established baseline and partitions
  ---
  duration_ms: 106.946
  type: 'test'
  ...
1..17
# tests 17
# suites 0
# pass 17
# fail 0
# cancelled 0
# skipped 0
# todo 0
# duration_ms 237.4466
