TAP version 13
# Subtest: later summary cutoff cannot become original-decision evidence even when latest observation is earlier
not ok 1 - later summary cutoff cannot become original-decision evidence even when latest observation is earlier
  ---
  duration_ms: 1.9895
  type: 'test'
  location: 'C:\\Users\\86188\\Documents\\football\\.codex\\worktrees\\00-integration\\tests\\frozen-model-disagreement.test.cjs:21:1'
  failureType: 'testCodeFailure'
  error: |-
    Expected values to be strictly equal:
    
    true !== false
    
  code: 'ERR_ASSERTION'
  name: 'AssertionError'
  expected: false
  actual: true
  operator: 'strictEqual'
  stack: |-
    TestContext.<anonymous> (C:\Users\86188\Documents\football\.codex\worktrees\00-integration\tests\frozen-model-disagreement.test.cjs:24:10)
    Test.runInAsyncScope (node:async_hooks:214:14)
    Test.run (node:internal/test_runner/test:1047:25)
    Test.start (node:internal/test_runner/test:944:17)
    startSubtestAfterBootstrap (node:internal/test_runner/harness:296:17)
  ...
1..1
# tests 1
# suites 0
# pass 0
# fail 1
# cancelled 0
# skipped 0
# todo 0
# duration_ms 79.0527
